// Jest Snapshot v1, https://goo.gl/fbAQLP

exports[`Should render CartCard from 
Cart 1`] = `
<div
  className="flexRowStartCenter"
  id="CART_CARD"
>
  <img
    alt=""
    src="some url"
  />
  <div>
    <Title
      level={4}
    >
      <[object Object]
        to="/product/49"
      >
         
        Product name
         
      </[object Object]>
    </Title>
    <h5>
       Total: â‚¬
      14.99
       
    </h5>
  </div>
</div>
`;
